// Jest Snapshot v1, https://goo.gl/fbAQLP

exports[`Forecast graph component Rendering Should render correctly 1`] = `null`;
