// Jest Snapshot v1, https://goo.gl/fbAQLP

exports[`Graph tooltip Rendering Should render correctly 1`] = `
<div
  class="MuiPaper-root makeStyles-container MuiPaper-elevation4 MuiPaper-rounded"
>
  <h6
    class="MuiTypography-root MuiTypography-h6"
  >
    Test label
  </h6>
  <hr
    class="MuiDivider-root makeStyles-divider"
  />
  <p
    class="MuiTypography-root makeStyles-minTemperatureLabel MuiTypography-body1"
  >
    Min Temperature
    : 
    +
    10
  </p>
  <p
    class="MuiTypography-root makeStyles-maxTemperatureLabel MuiTypography-body1"
  >
    Max Temperature
    : 
    
    -10
  </p>
</div>
`;
